
Allocating common symbols
Common symbol       size              file

ptr_MA_state        0x4               main.o
ptr_Alarm_Actuator_State
                    0x4               main.o
ptr_PS_State        0x4               Pressure_Sensor.o

Memory Configuration

Name             Origin             Length             Attributes
FLASH            0x08000000         0x00020000         xr
SRAM             0x20000000         0x00005000         xrw
*default*        0x00000000         0xffffffff

Linker script and memory map


.text           0x08000000      0x36c
 *(.vectors*)
 .vectors       0x08000000       0x1c startup.o
                0x08000000                vectors
 *(.text*)
 .text          0x0800001c       0x98 startup.o
                0x0800001c                H_Fault_Handler
                0x0800001c                MM_Fault_Handler
                0x0800001c                Usage_Fault_Handler
                0x0800001c                Bus_Fault
                0x0800001c                Default_Handler
                0x0800001c                NMI_Handler
                0x08000028                Reset_Handler
 .text          0x080000b4       0x44 Pressure_Sensor.o
                0x080000b4                ST_PS_BUSY
                0x080000ec                PS_Init
 .text          0x080000f8       0xc4 GPIO.o
                0x080000f8                GPIO_Init
                0x08000148                GPIO_Delay
                0x08000168                GPIO_Get_Pressure_Value
                0x08000180                GPIO_Start_Alarm_Actuator
                0x080001a0                GPIO_Stop_Alarm_Actuator
 .text          0x080001bc       0x80 main.o
                0x080001bc                setup
                0x080001fc                main
 .text          0x0800023c       0x98 Alarm_Actuator.o
                0x0800023c                ST_Alarm_Actuator_IDLE
                0x08000260                ST_Alarm_Actuator_BUSY
                0x08000284                Alarm_Actuator_Init
                0x08000290                Alarm_State_Set
 .text          0x080002d4       0x98 Main_Algorithm.o
                0x080002d4                ST_MA_Waiting
                0x080002fc                ST_MA_Detecting
                0x08000324                Set_Pressure_Val
 *(.rodata)
                0x0800036c                . = ALIGN (0x4)
                0x0800036c                _E_text = .

.glue_7         0x0800036c        0x0
 .glue_7        0x0800036c        0x0 linker stubs

.glue_7t        0x0800036c        0x0
 .glue_7t       0x0800036c        0x0 linker stubs

.vfp11_veneer   0x0800036c        0x0
 .vfp11_veneer  0x0800036c        0x0 linker stubs

.v4_bx          0x0800036c        0x0
 .v4_bx         0x0800036c        0x0 linker stubs

.iplt           0x0800036c        0x0
 .iplt          0x0800036c        0x0 startup.o

.rel.dyn        0x0800036c        0x0
 .rel.iplt      0x0800036c        0x0 startup.o

.data           0x20000000        0x4 load address 0x0800036c
                0x20000000                _S_data = .
 *(.data)
 .data          0x20000000        0x0 startup.o
 .data          0x20000000        0x0 Pressure_Sensor.o
 .data          0x20000000        0x0 GPIO.o
 .data          0x20000000        0x0 main.o
 .data          0x20000000        0x0 Alarm_Actuator.o
 .data          0x20000000        0x4 Main_Algorithm.o
                0x20000004                . = ALIGN (0x4)
                0x20000004                _E_data = .

.igot.plt       0x20000004        0x0 load address 0x08000370
 .igot.plt      0x20000004        0x0 startup.o

.bss            0x20000004     0x1028 load address 0x08000370
                0x20000004                _S_bss = .
 *(.bss*)
 .bss           0x20000004        0x0 startup.o
 .bss           0x20000004        0x5 Pressure_Sensor.o
 .bss           0x20000009        0x0 GPIO.o
 .bss           0x20000009        0x0 main.o
 *fill*         0x20000009        0x3 
 .bss           0x2000000c        0x5 Alarm_Actuator.o
 *fill*         0x20000011        0x3 
 .bss           0x20000014        0x9 Main_Algorithm.o
                0x20000020                . = ALIGN (0x4)
 *fill*         0x2000001d        0x3 
                0x20000020                _E_bss = .
                0x20001020                . = (. + 0x1000)
 *fill*         0x20000020     0x1000 
                0x20001020                _stack_top = .
 COMMON         0x20001020        0x4 Pressure_Sensor.o
                0x20001020                ptr_PS_State
 COMMON         0x20001024        0x8 main.o
                0x20001024                ptr_MA_state
                0x20001028                ptr_Alarm_Actuator_State
LOAD startup.o
LOAD Pressure_Sensor.o
LOAD GPIO.o
LOAD main.o
LOAD Alarm_Actuator.o
LOAD Main_Algorithm.o
OUTPUT(Pressure_Detection_STM32.elf elf32-littlearm)

.debug_info     0x00000000      0x70e
 .debug_info    0x00000000      0x16b startup.o
 .debug_info    0x0000016b      0x101 Pressure_Sensor.o
 .debug_info    0x0000026c       0xfc GPIO.o
 .debug_info    0x00000368       0xfd main.o
 .debug_info    0x00000465      0x145 Alarm_Actuator.o
 .debug_info    0x000005aa      0x164 Main_Algorithm.o

.debug_abbrev   0x00000000      0x449
 .debug_abbrev  0x00000000       0xc0 startup.o
 .debug_abbrev  0x000000c0       0xb2 Pressure_Sensor.o
 .debug_abbrev  0x00000172       0xaa GPIO.o
 .debug_abbrev  0x0000021c       0xa3 main.o
 .debug_abbrev  0x000002bf       0xc5 Alarm_Actuator.o
 .debug_abbrev  0x00000384       0xc5 Main_Algorithm.o

.debug_loc      0x00000000      0x474
 .debug_loc     0x00000000       0x7c startup.o
 .debug_loc     0x0000007c       0x70 Pressure_Sensor.o
 .debug_loc     0x000000ec      0x154 GPIO.o
 .debug_loc     0x00000240       0x64 main.o
 .debug_loc     0x000002a4      0x11c Alarm_Actuator.o
 .debug_loc     0x000003c0       0xb4 Main_Algorithm.o

.debug_aranges  0x00000000       0xc0
 .debug_aranges
                0x00000000       0x20 startup.o
 .debug_aranges
                0x00000020       0x20 Pressure_Sensor.o
 .debug_aranges
                0x00000040       0x20 GPIO.o
 .debug_aranges
                0x00000060       0x20 main.o
 .debug_aranges
                0x00000080       0x20 Alarm_Actuator.o
 .debug_aranges
                0x000000a0       0x20 Main_Algorithm.o

.debug_line     0x00000000      0x31b
 .debug_line    0x00000000       0x8e startup.o
 .debug_line    0x0000008e       0x71 Pressure_Sensor.o
 .debug_line    0x000000ff       0x67 GPIO.o
 .debug_line    0x00000166       0xa1 main.o
 .debug_line    0x00000207       0x7a Alarm_Actuator.o
 .debug_line    0x00000281       0x9a Main_Algorithm.o

.debug_str      0x00000000      0x3c2
 .debug_str     0x00000000      0x1c2 startup.o
                                0x1db (size before relaxing)
 .debug_str     0x000001c2       0x4e Pressure_Sensor.o
                                0x1a9 (size before relaxing)
 .debug_str     0x00000210       0x6e GPIO.o
                                0x1c1 (size before relaxing)
 .debug_str     0x0000027e       0x3e main.o
                                0x19e (size before relaxing)
 .debug_str     0x000002bc       0x9d Alarm_Actuator.o
                                0x237 (size before relaxing)
 .debug_str     0x00000359       0x69 Main_Algorithm.o
                                0x20c (size before relaxing)

.comment        0x00000000       0x7e
 .comment       0x00000000       0x7e startup.o
                                 0x7f (size before relaxing)
 .comment       0x0000007e       0x7f Pressure_Sensor.o
 .comment       0x0000007e       0x7f GPIO.o
 .comment       0x0000007e       0x7f main.o
 .comment       0x0000007e       0x7f Alarm_Actuator.o
 .comment       0x0000007e       0x7f Main_Algorithm.o

.ARM.attributes
                0x00000000       0x33
 .ARM.attributes
                0x00000000       0x33 startup.o
 .ARM.attributes
                0x00000033       0x33 Pressure_Sensor.o
 .ARM.attributes
                0x00000066       0x33 GPIO.o
 .ARM.attributes
                0x00000099       0x33 main.o
 .ARM.attributes
                0x000000cc       0x33 Alarm_Actuator.o
 .ARM.attributes
                0x000000ff       0x33 Main_Algorithm.o

.debug_frame    0x00000000      0x2a0
 .debug_frame   0x00000000       0x50 startup.o
 .debug_frame   0x00000050       0x4c Pressure_Sensor.o
 .debug_frame   0x0000009c       0xb4 GPIO.o
 .debug_frame   0x00000150       0x4c main.o
 .debug_frame   0x0000019c       0x94 Alarm_Actuator.o
 .debug_frame   0x00000230       0x70 Main_Algorithm.o
