Archive member included because of file (symbol)

d:/imt_diploma/eclipse/imt_sdk_win_64/imt_sdk_win_64/winavr/bin/../lib/gcc/avr/4.3.3/avr5\libgcc.a(_exit.o)
                              d:/imt_diploma/eclipse/imt_sdk_win_64/imt_sdk_win_64/winavr/bin/../lib/gcc/avr/4.3.3/../../../../avr/lib/avr5/crtm32.o (exit)
d:/imt_diploma/eclipse/imt_sdk_win_64/imt_sdk_win_64/winavr/bin/../lib/gcc/avr/4.3.3/avr5\libgcc.a(_copy_data.o)
                              ./UART_interface.o (__do_copy_data)
d:/imt_diploma/eclipse/imt_sdk_win_64/imt_sdk_win_64/winavr/bin/../lib/gcc/avr/4.3.3/avr5\libgcc.a(_clear_bss.o)
                              ./UART_Stack/Stack.o (__do_clear_bss)

Memory Configuration

Name             Origin             Length             Attributes
text             0x00000000         0x00020000         xr
data             0x00800060         0x0000ffa0         rw !x
eeprom           0x00810000         0x00010000         rw !x
fuse             0x00820000         0x00000400         rw !x
lock             0x00830000         0x00000400         rw !x
signature        0x00840000         0x00000400         rw !x
*default*        0x00000000         0xffffffff

Linker script and memory map

LOAD d:/imt_diploma/eclipse/imt_sdk_win_64/imt_sdk_win_64/winavr/bin/../lib/gcc/avr/4.3.3/../../../../avr/lib/avr5/crtm32.o
LOAD ./UART_Stack/Stack.o
LOAD ./UART_interface.o
LOAD ./main.o
LOAD d:/imt_diploma/eclipse/imt_sdk_win_64/imt_sdk_win_64/winavr/bin/../lib/gcc/avr/4.3.3/avr5\libgcc.a
LOAD d:/imt_diploma/eclipse/imt_sdk_win_64/imt_sdk_win_64/winavr/bin/../lib/gcc/avr/4.3.3/../../../../avr/lib/avr5\libc.a
LOAD d:/imt_diploma/eclipse/imt_sdk_win_64/imt_sdk_win_64/winavr/bin/../lib/gcc/avr/4.3.3/avr5\libgcc.a

.hash
 *(.hash)

.dynsym
 *(.dynsym)

.dynstr
 *(.dynstr)

.gnu.version
 *(.gnu.version)

.gnu.version_d
 *(.gnu.version_d)

.gnu.version_r
 *(.gnu.version_r)

.rel.init
 *(.rel.init)

.rela.init
 *(.rela.init)

.rel.text
 *(.rel.text)
 *(.rel.text.*)
 *(.rel.gnu.linkonce.t*)

.rela.text
 *(.rela.text)
 *(.rela.text.*)
 *(.rela.gnu.linkonce.t*)

.rel.fini
 *(.rel.fini)

.rela.fini
 *(.rela.fini)

.rel.rodata
 *(.rel.rodata)
 *(.rel.rodata.*)
 *(.rel.gnu.linkonce.r*)

.rela.rodata
 *(.rela.rodata)
 *(.rela.rodata.*)
 *(.rela.gnu.linkonce.r*)

.rel.data
 *(.rel.data)
 *(.rel.data.*)
 *(.rel.gnu.linkonce.d*)

.rela.data
 *(.rela.data)
 *(.rela.data.*)
 *(.rela.gnu.linkonce.d*)

.rel.ctors
 *(.rel.ctors)

.rela.ctors
 *(.rela.ctors)

.rel.dtors
 *(.rel.dtors)

.rela.dtors
 *(.rela.dtors)

.rel.got
 *(.rel.got)

.rela.got
 *(.rela.got)

.rel.bss
 *(.rel.bss)

.rela.bss
 *(.rela.bss)

.rel.plt
 *(.rel.plt)

.rela.plt
 *(.rela.plt)

.text           0x00000000      0x646
 *(.vectors)
 .vectors       0x00000000       0x54 d:/imt_diploma/eclipse/imt_sdk_win_64/imt_sdk_win_64/winavr/bin/../lib/gcc/avr/4.3.3/../../../../avr/lib/avr5/crtm32.o
                0x00000000                __vectors
                0x00000000                __vector_default
 *(.vectors)
 *(.progmem.gcc*)
 *(.progmem*)
                0x00000054                . = ALIGN (0x2)
                0x00000054                __trampolines_start = .
 *(.trampolines)
 .trampolines   0x00000054        0x0 linker stubs
 *(.trampolines*)
                0x00000054                __trampolines_end = .
 *(.jumptables)
 *(.jumptables*)
 *(.lowtext)
 *(.lowtext*)
                0x00000054                __ctors_start = .
 *(.ctors)
                0x00000054                __ctors_end = .
                0x00000054                __dtors_start = .
 *(.dtors)
                0x00000054                __dtors_end = .
 SORT(*)(.ctors)
 SORT(*)(.dtors)
 *(.init0)
 .init0         0x00000054        0x0 d:/imt_diploma/eclipse/imt_sdk_win_64/imt_sdk_win_64/winavr/bin/../lib/gcc/avr/4.3.3/../../../../avr/lib/avr5/crtm32.o
                0x00000054                __init
 *(.init0)
 *(.init1)
 *(.init1)
 *(.init2)
 .init2         0x00000054        0xc d:/imt_diploma/eclipse/imt_sdk_win_64/imt_sdk_win_64/winavr/bin/../lib/gcc/avr/4.3.3/../../../../avr/lib/avr5/crtm32.o
 *(.init2)
 *(.init3)
 *(.init3)
 *(.init4)
 .init4         0x00000060       0x16 d:/imt_diploma/eclipse/imt_sdk_win_64/imt_sdk_win_64/winavr/bin/../lib/gcc/avr/4.3.3/avr5\libgcc.a(_copy_data.o)
                0x00000060                __do_copy_data
 .init4         0x00000076       0x10 d:/imt_diploma/eclipse/imt_sdk_win_64/imt_sdk_win_64/winavr/bin/../lib/gcc/avr/4.3.3/avr5\libgcc.a(_clear_bss.o)
                0x00000076                __do_clear_bss
 *(.init4)
 *(.init5)
 *(.init5)
 *(.init6)
 *(.init6)
 *(.init7)
 *(.init7)
 *(.init8)
 *(.init8)
 *(.init9)
 .init9         0x00000086        0x8 d:/imt_diploma/eclipse/imt_sdk_win_64/imt_sdk_win_64/winavr/bin/../lib/gcc/avr/4.3.3/../../../../avr/lib/avr5/crtm32.o
 *(.init9)
 *(.text)
 .text          0x0000008e        0x4 d:/imt_diploma/eclipse/imt_sdk_win_64/imt_sdk_win_64/winavr/bin/../lib/gcc/avr/4.3.3/../../../../avr/lib/avr5/crtm32.o
                0x0000008e                __vector_1
                0x0000008e                __vector_12
                0x0000008e                __bad_interrupt
                0x0000008e                __vector_6
                0x0000008e                __vector_3
                0x0000008e                __vector_11
                0x0000008e                __vector_17
                0x0000008e                __vector_19
                0x0000008e                __vector_7
                0x0000008e                __vector_5
                0x0000008e                __vector_4
                0x0000008e                __vector_9
                0x0000008e                __vector_2
                0x0000008e                __vector_8
                0x0000008e                __vector_14
                0x0000008e                __vector_10
                0x0000008e                __vector_16
                0x0000008e                __vector_18
                0x0000008e                __vector_20
 .text          0x00000092        0x0 ./UART_Stack/Stack.o
 .text          0x00000092        0x0 ./UART_interface.o
 .text          0x00000092        0x0 ./main.o
 .text          0x00000092        0x0 d:/imt_diploma/eclipse/imt_sdk_win_64/imt_sdk_win_64/winavr/bin/../lib/gcc/avr/4.3.3/avr5\libgcc.a(_exit.o)
 .text          0x00000092        0x0 d:/imt_diploma/eclipse/imt_sdk_win_64/imt_sdk_win_64/winavr/bin/../lib/gcc/avr/4.3.3/avr5\libgcc.a(_copy_data.o)
 .text          0x00000092        0x0 d:/imt_diploma/eclipse/imt_sdk_win_64/imt_sdk_win_64/winavr/bin/../lib/gcc/avr/4.3.3/avr5\libgcc.a(_clear_bss.o)
                0x00000092                . = ALIGN (0x2)
 *(.text.*)
 .text.PUSH     0x00000092       0x46 ./UART_Stack/Stack.o
                0x00000092                PUSH
 .text.POP      0x000000d8       0x4e ./UART_Stack/Stack.o
                0x000000d8                POP
 .text.UART_Init
                0x00000126       0xaa ./UART_interface.o
                0x00000126                UART_Init
 .text.UART_Send_Byte
                0x000001d0       0x34 ./UART_interface.o
                0x000001d0                UART_Send_Byte
 .text.UART_Receive_Byte
                0x00000204       0x1e ./UART_interface.o
                0x00000204                UART_Receive_Byte
 .text.UART_Send_Byte_NoBlock
                0x00000222       0x4a ./UART_interface.o
                0x00000222                UART_Send_Byte_NoBlock
 .text.UART_Receive_Byte_NoBlock
                0x0000026c       0x3c ./UART_interface.o
                0x0000026c                UART_Receive_Byte_NoBlock
 .text.UART_Tx_Set_CallBack
                0x000002a8       0x24 ./UART_interface.o
                0x000002a8                UART_Tx_Set_CallBack
 .text.UART_Rx_Set_CallBack
                0x000002cc       0x24 ./UART_interface.o
                0x000002cc                UART_Rx_Set_CallBack
 .text.__vector_15
                0x000002f0       0x66 ./UART_interface.o
                0x000002f0                __vector_15
 .text.__vector_13
                0x00000356       0x66 ./UART_interface.o
                0x00000356                __vector_13
 .text.UART_Tx_Interrupt_Enable
                0x000003bc       0x1c ./UART_interface.o
                0x000003bc                UART_Tx_Interrupt_Enable
 .text.UART_Rx_Interrupt_Enable
                0x000003d8       0x1c ./UART_interface.o
                0x000003d8                UART_Rx_Interrupt_Enable
 .text.UART_Tx_Interrupt_Disable
                0x000003f4       0x1c ./UART_interface.o
                0x000003f4                UART_Tx_Interrupt_Disable
 .text.UART_Rx_Interrupt_Disable
                0x00000410       0x1c ./UART_interface.o
                0x00000410                UART_Rx_Interrupt_Disable
 .text.UART_Send_Byte_inISR
                0x0000042c       0x1c ./UART_interface.o
                0x0000042c                UART_Send_Byte_inISR
 .text.UART_Receive_Byte_inISR
                0x00000448       0x14 ./UART_interface.o
                0x00000448                UART_Receive_Byte_inISR
 .text.UART_Send_String
                0x0000045c       0x52 ./UART_interface.o
                0x0000045c                UART_Send_String
 .text.Func_Tx_Asynch
                0x000004ae       0x5c ./UART_interface.o
 .text.UART_Send_String_Asynch
                0x0000050a       0x3a ./UART_interface.o
                0x0000050a                UART_Send_String_Asynch
 .text.UART_Receive_String
                0x00000544       0x86 ./UART_interface.o
                0x00000544                UART_Receive_String
 .text.Func_Rx_Asynch
                0x000005ca       0x3e ./UART_interface.o
 .text.UART_Receive_String_Asynch
                0x00000608       0x30 ./UART_interface.o
                0x00000608                UART_Receive_String_Asynch
 .text.main     0x00000638        0xa ./main.o
                0x00000638                main
 .text.libgcc   0x00000642        0x0 d:/imt_diploma/eclipse/imt_sdk_win_64/imt_sdk_win_64/winavr/bin/../lib/gcc/avr/4.3.3/avr5\libgcc.a(_exit.o)
 .text.libgcc   0x00000642        0x0 d:/imt_diploma/eclipse/imt_sdk_win_64/imt_sdk_win_64/winavr/bin/../lib/gcc/avr/4.3.3/avr5\libgcc.a(_copy_data.o)
 .text.libgcc   0x00000642        0x0 d:/imt_diploma/eclipse/imt_sdk_win_64/imt_sdk_win_64/winavr/bin/../lib/gcc/avr/4.3.3/avr5\libgcc.a(_clear_bss.o)
                0x00000642                . = ALIGN (0x2)
 *(.fini9)
 .fini9         0x00000642        0x0 d:/imt_diploma/eclipse/imt_sdk_win_64/imt_sdk_win_64/winavr/bin/../lib/gcc/avr/4.3.3/avr5\libgcc.a(_exit.o)
                0x00000642                exit
                0x00000642                _exit
 *(.fini9)
 *(.fini8)
 *(.fini8)
 *(.fini7)
 *(.fini7)
 *(.fini6)
 *(.fini6)
 *(.fini5)
 *(.fini5)
 *(.fini4)
 *(.fini4)
 *(.fini3)
 *(.fini3)
 *(.fini2)
 *(.fini2)
 *(.fini1)
 *(.fini1)
 *(.fini0)
 .fini0         0x00000642        0x4 d:/imt_diploma/eclipse/imt_sdk_win_64/imt_sdk_win_64/winavr/bin/../lib/gcc/avr/4.3.3/avr5\libgcc.a(_exit.o)
 *(.fini0)
                0x00000646                _etext = .

.data           0x00800060       0x4a load address 0x00000646
                0x00800060                PROVIDE (__data_start, .)
 *(.data)
 .data          0x00800060        0x0 d:/imt_diploma/eclipse/imt_sdk_win_64/imt_sdk_win_64/winavr/bin/../lib/gcc/avr/4.3.3/../../../../avr/lib/avr5/crtm32.o
 .data          0x00800060        0x0 ./UART_Stack/Stack.o
 .data          0x00800060        0x0 ./UART_interface.o
 .data          0x00800060        0x0 ./main.o
 .data          0x00800060        0x0 d:/imt_diploma/eclipse/imt_sdk_win_64/imt_sdk_win_64/winavr/bin/../lib/gcc/avr/4.3.3/avr5\libgcc.a(_exit.o)
 .data          0x00800060        0x0 d:/imt_diploma/eclipse/imt_sdk_win_64/imt_sdk_win_64/winavr/bin/../lib/gcc/avr/4.3.3/avr5\libgcc.a(_copy_data.o)
 .data          0x00800060        0x0 d:/imt_diploma/eclipse/imt_sdk_win_64/imt_sdk_win_64/winavr/bin/../lib/gcc/avr/4.3.3/avr5\libgcc.a(_clear_bss.o)
 *(.data*)
 .data.i.1391   0x00800060        0x1 ./UART_interface.o
 *(.rodata)
 *(.rodata*)
 .rodata.BaudRateArray
                0x00800061       0x48 ./UART_interface.o
                0x00800061                BaudRateArray
 *(.gnu.linkonce.d*)
                0x008000aa                . = ALIGN (0x2)
 *fill*         0x008000a9        0x1 00
                0x008000aa                _edata = .
                0x008000aa                PROVIDE (__data_end, .)

.bss            0x008000aa       0x14
                0x008000aa                PROVIDE (__bss_start, .)
 *(.bss)
 .bss           0x008000aa        0x0 d:/imt_diploma/eclipse/imt_sdk_win_64/imt_sdk_win_64/winavr/bin/../lib/gcc/avr/4.3.3/../../../../avr/lib/avr5/crtm32.o
 .bss           0x008000aa        0x0 ./UART_Stack/Stack.o
 .bss           0x008000aa        0x0 ./UART_interface.o
 .bss           0x008000aa        0x0 ./main.o
 .bss           0x008000aa        0x0 d:/imt_diploma/eclipse/imt_sdk_win_64/imt_sdk_win_64/winavr/bin/../lib/gcc/avr/4.3.3/avr5\libgcc.a(_exit.o)
 .bss           0x008000aa        0x0 d:/imt_diploma/eclipse/imt_sdk_win_64/imt_sdk_win_64/winavr/bin/../lib/gcc/avr/4.3.3/avr5\libgcc.a(_copy_data.o)
 .bss           0x008000aa        0x0 d:/imt_diploma/eclipse/imt_sdk_win_64/imt_sdk_win_64/winavr/bin/../lib/gcc/avr/4.3.3/avr5\libgcc.a(_clear_bss.o)
 *(.bss*)
 .bss.SP        0x008000aa        0x1 ./UART_Stack/Stack.o
 .bss.STACK     0x008000ab        0xa ./UART_Stack/Stack.o
 .bss.i.1432    0x008000b5        0x1 ./UART_interface.o
 .bss.UART_Tx_Fptr
                0x008000b6        0x2 ./UART_interface.o
 .bss.UART_Rx_Fptr
                0x008000b8        0x2 ./UART_interface.o
 .bss.Asynch_Send_pStr
                0x008000ba        0x2 ./UART_interface.o
 .bss.Asynch_Receive_pStr
                0x008000bc        0x2 ./UART_interface.o
 *(COMMON)
                0x008000be                PROVIDE (__bss_end, .)
                0x00000646                __data_load_start = LOADADDR (.data)
                0x00000690                __data_load_end = (__data_load_start + SIZEOF (.data))

.noinit         0x008000be        0x0
                0x008000be                PROVIDE (__noinit_start, .)
 *(.noinit*)
                0x008000be                PROVIDE (__noinit_end, .)
                0x008000be                _end = .
                0x008000be                PROVIDE (__heap_start, .)

.eeprom         0x00810000        0x0
 *(.eeprom*)
                0x00810000                __eeprom_end = .

.fuse
 *(.fuse)
 *(.lfuse)
 *(.hfuse)
 *(.efuse)

.lock
 *(.lock*)

.signature
 *(.signature*)

.stab           0x00000000      0xd44
 *(.stab)
 .stab          0x00000000      0x2dc ./UART_Stack/Stack.o
 .stab          0x000002dc      0x954 ./UART_interface.o
                                0x960 (size before relaxing)
 .stab          0x00000c30      0x114 ./main.o
                                0x1bc (size before relaxing)

.stabstr        0x00000000      0x7b6
 *(.stabstr)
 .stabstr       0x00000000      0x7b6 ./UART_Stack/Stack.o

.stab.excl
 *(.stab.excl)

.stab.exclstr
 *(.stab.exclstr)

.stab.index
 *(.stab.index)

.stab.indexstr
 *(.stab.indexstr)

.comment
 *(.comment)

.debug
 *(.debug)

.line
 *(.line)

.debug_srcinfo
 *(.debug_srcinfo)

.debug_sfnames
 *(.debug_sfnames)

.debug_aranges
 *(.debug_aranges)

.debug_pubnames
 *(.debug_pubnames)

.debug_info
 *(.debug_info)
 *(.gnu.linkonce.wi.*)

.debug_abbrev
 *(.debug_abbrev)

.debug_line
 *(.debug_line)

.debug_frame
 *(.debug_frame)

.debug_str
 *(.debug_str)

.debug_loc
 *(.debug_loc)

.debug_macinfo
 *(.debug_macinfo)
OUTPUT(ATMega32_UART_Driver.elf elf32-avr)
LOAD linker stubs
