STM32F103C6_USART_Driver.c:20:6:MCAL_UART_Init	24	static
STM32F103C6_USART_Driver.c:107:6:MCAL_UART_DeInit	16	static
STM32F103C6_USART_Driver.c:155:6:MCAL_UART_SendData	24	static
STM32F103C6_USART_Driver.c:184:6:MCAL_UART_WAIT_TC	16	static
STM32F103C6_USART_Driver.c:191:6:MCAL_UART_ReceiveData	24	static
STM32F103C6_USART_Driver.c:239:6:MCAL_UART_GPIO_Set_Pins	24	static
STM32F103C6_USART_Driver.c:354:6:USART1_IRQHandler	8	static
STM32F103C6_USART_Driver.c:360:6:USART2_IRQHandler	8	static
STM32F103C6_USART_Driver.c:364:6:USART3_IRQHandler	8	static
