Archive member included because of file (symbol)

d:/imt_diploma/eclipse/imt_sdk_win_64/imt_sdk_win_64/winavr/bin/../lib/gcc/avr/4.3.3/avr5\libgcc.a(_exit.o)
                              d:/imt_diploma/eclipse/imt_sdk_win_64/imt_sdk_win_64/winavr/bin/../lib/gcc/avr/4.3.3/../../../../avr/lib/avr5/crtm32.o (exit)
d:/imt_diploma/eclipse/imt_sdk_win_64/imt_sdk_win_64/winavr/bin/../lib/gcc/avr/4.3.3/avr5\libgcc.a(_clear_bss.o)
                              ./Timers_interface.o (__do_clear_bss)

Memory Configuration

Name             Origin             Length             Attributes
text             0x00000000         0x00020000         xr
data             0x00800060         0x0000ffa0         rw !x
eeprom           0x00810000         0x00010000         rw !x
fuse             0x00820000         0x00000400         rw !x
lock             0x00830000         0x00000400         rw !x
signature        0x00840000         0x00000400         rw !x
*default*        0x00000000         0xffffffff

Linker script and memory map

LOAD d:/imt_diploma/eclipse/imt_sdk_win_64/imt_sdk_win_64/winavr/bin/../lib/gcc/avr/4.3.3/../../../../avr/lib/avr5/crtm32.o
LOAD ./Timers_interface.o
LOAD ./main.o
LOAD d:/imt_diploma/eclipse/imt_sdk_win_64/imt_sdk_win_64/winavr/bin/../lib/gcc/avr/4.3.3/avr5\libgcc.a
LOAD d:/imt_diploma/eclipse/imt_sdk_win_64/imt_sdk_win_64/winavr/bin/../lib/gcc/avr/4.3.3/../../../../avr/lib/avr5\libc.a
LOAD d:/imt_diploma/eclipse/imt_sdk_win_64/imt_sdk_win_64/winavr/bin/../lib/gcc/avr/4.3.3/avr5\libgcc.a

.hash
 *(.hash)

.dynsym
 *(.dynsym)

.dynstr
 *(.dynstr)

.gnu.version
 *(.gnu.version)

.gnu.version_d
 *(.gnu.version_d)

.gnu.version_r
 *(.gnu.version_r)

.rel.init
 *(.rel.init)

.rela.init
 *(.rela.init)

.rel.text
 *(.rel.text)
 *(.rel.text.*)
 *(.rel.gnu.linkonce.t*)

.rela.text
 *(.rela.text)
 *(.rela.text.*)
 *(.rela.gnu.linkonce.t*)

.rel.fini
 *(.rel.fini)

.rela.fini
 *(.rela.fini)

.rel.rodata
 *(.rel.rodata)
 *(.rel.rodata.*)
 *(.rel.gnu.linkonce.r*)

.rela.rodata
 *(.rela.rodata)
 *(.rela.rodata.*)
 *(.rela.gnu.linkonce.r*)

.rel.data
 *(.rel.data)
 *(.rel.data.*)
 *(.rel.gnu.linkonce.d*)

.rela.data
 *(.rela.data)
 *(.rela.data.*)
 *(.rela.gnu.linkonce.d*)

.rel.ctors
 *(.rel.ctors)

.rela.ctors
 *(.rela.ctors)

.rel.dtors
 *(.rel.dtors)

.rela.dtors
 *(.rela.dtors)

.rel.got
 *(.rel.got)

.rela.got
 *(.rela.got)

.rel.bss
 *(.rel.bss)

.rela.bss
 *(.rela.bss)

.rel.plt
 *(.rel.plt)

.rela.plt
 *(.rela.plt)

.text           0x00000000      0xa5a
 *(.vectors)
 .vectors       0x00000000       0x54 d:/imt_diploma/eclipse/imt_sdk_win_64/imt_sdk_win_64/winavr/bin/../lib/gcc/avr/4.3.3/../../../../avr/lib/avr5/crtm32.o
                0x00000000                __vectors
                0x00000000                __vector_default
 *(.vectors)
 *(.progmem.gcc*)
 *(.progmem*)
                0x00000054                . = ALIGN (0x2)
                0x00000054                __trampolines_start = .
 *(.trampolines)
 .trampolines   0x00000054        0x0 linker stubs
 *(.trampolines*)
                0x00000054                __trampolines_end = .
 *(.jumptables)
 *(.jumptables*)
 *(.lowtext)
 *(.lowtext*)
                0x00000054                __ctors_start = .
 *(.ctors)
                0x00000054                __ctors_end = .
                0x00000054                __dtors_start = .
 *(.dtors)
                0x00000054                __dtors_end = .
 SORT(*)(.ctors)
 SORT(*)(.dtors)
 *(.init0)
 .init0         0x00000054        0x0 d:/imt_diploma/eclipse/imt_sdk_win_64/imt_sdk_win_64/winavr/bin/../lib/gcc/avr/4.3.3/../../../../avr/lib/avr5/crtm32.o
                0x00000054                __init
 *(.init0)
 *(.init1)
 *(.init1)
 *(.init2)
 .init2         0x00000054        0xc d:/imt_diploma/eclipse/imt_sdk_win_64/imt_sdk_win_64/winavr/bin/../lib/gcc/avr/4.3.3/../../../../avr/lib/avr5/crtm32.o
 *(.init2)
 *(.init3)
 *(.init3)
 *(.init4)
 .init4         0x00000060       0x10 d:/imt_diploma/eclipse/imt_sdk_win_64/imt_sdk_win_64/winavr/bin/../lib/gcc/avr/4.3.3/avr5\libgcc.a(_clear_bss.o)
                0x00000060                __do_clear_bss
 *(.init4)
 *(.init5)
 *(.init5)
 *(.init6)
 *(.init6)
 *(.init7)
 *(.init7)
 *(.init8)
 *(.init8)
 *(.init9)
 .init9         0x00000070        0x8 d:/imt_diploma/eclipse/imt_sdk_win_64/imt_sdk_win_64/winavr/bin/../lib/gcc/avr/4.3.3/../../../../avr/lib/avr5/crtm32.o
 *(.init9)
 *(.text)
 .text          0x00000078        0x4 d:/imt_diploma/eclipse/imt_sdk_win_64/imt_sdk_win_64/winavr/bin/../lib/gcc/avr/4.3.3/../../../../avr/lib/avr5/crtm32.o
                0x00000078                __vector_1
                0x00000078                __vector_12
                0x00000078                __bad_interrupt
                0x00000078                __vector_3
                0x00000078                __vector_13
                0x00000078                __vector_17
                0x00000078                __vector_19
                0x00000078                __vector_5
                0x00000078                __vector_4
                0x00000078                __vector_2
                0x00000078                __vector_15
                0x00000078                __vector_14
                0x00000078                __vector_16
                0x00000078                __vector_18
                0x00000078                __vector_20
 .text          0x0000007c        0x0 ./Timers_interface.o
 .text          0x0000007c        0x0 ./main.o
 .text          0x0000007c        0x0 d:/imt_diploma/eclipse/imt_sdk_win_64/imt_sdk_win_64/winavr/bin/../lib/gcc/avr/4.3.3/avr5\libgcc.a(_exit.o)
 .text          0x0000007c        0x0 d:/imt_diploma/eclipse/imt_sdk_win_64/imt_sdk_win_64/winavr/bin/../lib/gcc/avr/4.3.3/avr5\libgcc.a(_clear_bss.o)
                0x0000007c                . = ALIGN (0x2)
 *(.text.*)
 .text.Timer0_Init
                0x0000007c      0x1b2 ./Timers_interface.o
                0x0000007c                Timer0_Init
 .text.Timer0_Start
                0x0000022e       0x32 ./Timers_interface.o
                0x0000022e                Timer0_Start
 .text.Timer0_OV_InterruptEnable
                0x00000260       0x1c ./Timers_interface.o
                0x00000260                Timer0_OV_InterruptEnable
 .text.Timer0_OV_InterruptDisable
                0x0000027c       0x1c ./Timers_interface.o
                0x0000027c                Timer0_OV_InterruptDisable
 .text.Timer0_OC_InterruptEnable
                0x00000298       0x1c ./Timers_interface.o
                0x00000298                Timer0_OC_InterruptEnable
 .text.Timer0_OC_InterruptDisable
                0x000002b4       0x1c ./Timers_interface.o
                0x000002b4                Timer0_OC_InterruptDisable
 .text.Timer0_OVF_SetCallBack
                0x000002d0       0x24 ./Timers_interface.o
                0x000002d0                Timer0_OVF_SetCallBack
 .text.Timer0_OC0_SetCallBack
                0x000002f4       0x24 ./Timers_interface.o
                0x000002f4                Timer0_OC0_SetCallBack
 .text.__vector_11
                0x00000318       0x66 ./Timers_interface.o
                0x00000318                __vector_11
 .text.__vector_10
                0x0000037e       0x66 ./Timers_interface.o
                0x0000037e                __vector_10
 .text.Timer1_Init
                0x000003e4      0x322 ./Timers_interface.o
                0x000003e4                Timer1_Init
 .text.Timer1_InputCaptureEdge
                0x00000706       0x3e ./Timers_interface.o
                0x00000706                Timer1_InputCaptureEdge
 .text.Timer1_ICU_InterruptEnable
                0x00000744       0x1c ./Timers_interface.o
                0x00000744                Timer1_ICU_InterruptEnable
 .text.Timer1_ICU_InterruptDisable
                0x00000760       0x1c ./Timers_interface.o
                0x00000760                Timer1_ICU_InterruptDisable
 .text.Timer1_OVF_InterruptEnable
                0x0000077c       0x1c ./Timers_interface.o
                0x0000077c                Timer1_OVF_InterruptEnable
 .text.Timer1_OVF_InterruptDisable
                0x00000798       0x1c ./Timers_interface.o
                0x00000798                Timer1_OVF_InterruptDisable
 .text.Timer1_OCA_InterruptEnable
                0x000007b4       0x1c ./Timers_interface.o
                0x000007b4                Timer1_OCA_InterruptEnable
 .text.Timer1_OCA_InterruptDisable
                0x000007d0       0x1c ./Timers_interface.o
                0x000007d0                Timer1_OCA_InterruptDisable
 .text.Timer1_OCB_InterruptEnable
                0x000007ec       0x1c ./Timers_interface.o
                0x000007ec                Timer1_OCB_InterruptEnable
 .text.Timer1_OCB_InterruptDisable
                0x00000808       0x1c ./Timers_interface.o
                0x00000808                Timer1_OCB_InterruptDisable
 .text.Timer1_OVF_SetCallBack
                0x00000824       0x24 ./Timers_interface.o
                0x00000824                Timer1_OVF_SetCallBack
 .text.Timer1_OCA_SetCallBack
                0x00000848       0x24 ./Timers_interface.o
                0x00000848                Timer1_OCA_SetCallBack
 .text.Timer1_OCB_SetCallBack
                0x0000086c       0x24 ./Timers_interface.o
                0x0000086c                Timer1_OCB_SetCallBack
 .text.Timer1_ICU_SetCallBack
                0x00000890       0x24 ./Timers_interface.o
                0x00000890                Timer1_ICU_SetCallBack
 .text.__vector_9
                0x000008b4       0x66 ./Timers_interface.o
                0x000008b4                __vector_9
 .text.__vector_7
                0x0000091a       0x66 ./Timers_interface.o
                0x0000091a                __vector_7
 .text.__vector_8
                0x00000980       0x66 ./Timers_interface.o
                0x00000980                __vector_8
 .text.__vector_6
                0x000009e6       0x66 ./Timers_interface.o
                0x000009e6                __vector_6
 .text.main     0x00000a4c        0xa ./main.o
                0x00000a4c                main
 .text.libgcc   0x00000a56        0x0 d:/imt_diploma/eclipse/imt_sdk_win_64/imt_sdk_win_64/winavr/bin/../lib/gcc/avr/4.3.3/avr5\libgcc.a(_exit.o)
 .text.libgcc   0x00000a56        0x0 d:/imt_diploma/eclipse/imt_sdk_win_64/imt_sdk_win_64/winavr/bin/../lib/gcc/avr/4.3.3/avr5\libgcc.a(_clear_bss.o)
                0x00000a56                . = ALIGN (0x2)
 *(.fini9)
 .fini9         0x00000a56        0x0 d:/imt_diploma/eclipse/imt_sdk_win_64/imt_sdk_win_64/winavr/bin/../lib/gcc/avr/4.3.3/avr5\libgcc.a(_exit.o)
                0x00000a56                exit
                0x00000a56                _exit
 *(.fini9)
 *(.fini8)
 *(.fini8)
 *(.fini7)
 *(.fini7)
 *(.fini6)
 *(.fini6)
 *(.fini5)
 *(.fini5)
 *(.fini4)
 *(.fini4)
 *(.fini3)
 *(.fini3)
 *(.fini2)
 *(.fini2)
 *(.fini1)
 *(.fini1)
 *(.fini0)
 .fini0         0x00000a56        0x4 d:/imt_diploma/eclipse/imt_sdk_win_64/imt_sdk_win_64/winavr/bin/../lib/gcc/avr/4.3.3/avr5\libgcc.a(_exit.o)
 *(.fini0)
                0x00000a5a                _etext = .

.data           0x00800060        0x0 load address 0x00000a5a
                0x00800060                PROVIDE (__data_start, .)
 *(.data)
 .data          0x00800060        0x0 d:/imt_diploma/eclipse/imt_sdk_win_64/imt_sdk_win_64/winavr/bin/../lib/gcc/avr/4.3.3/../../../../avr/lib/avr5/crtm32.o
 .data          0x00800060        0x0 ./Timers_interface.o
 .data          0x00800060        0x0 ./main.o
 .data          0x00800060        0x0 d:/imt_diploma/eclipse/imt_sdk_win_64/imt_sdk_win_64/winavr/bin/../lib/gcc/avr/4.3.3/avr5\libgcc.a(_exit.o)
 .data          0x00800060        0x0 d:/imt_diploma/eclipse/imt_sdk_win_64/imt_sdk_win_64/winavr/bin/../lib/gcc/avr/4.3.3/avr5\libgcc.a(_clear_bss.o)
 *(.data*)
 *(.rodata)
 *(.rodata*)
 *(.gnu.linkonce.d*)
                0x00800060                . = ALIGN (0x2)
                0x00800060                _edata = .
                0x00800060                PROVIDE (__data_end, .)

.bss            0x00800060        0xc
                0x00800060                PROVIDE (__bss_start, .)
 *(.bss)
 .bss           0x00800060        0x0 d:/imt_diploma/eclipse/imt_sdk_win_64/imt_sdk_win_64/winavr/bin/../lib/gcc/avr/4.3.3/../../../../avr/lib/avr5/crtm32.o
 .bss           0x00800060        0x0 ./Timers_interface.o
 .bss           0x00800060        0x0 ./main.o
 .bss           0x00800060        0x0 d:/imt_diploma/eclipse/imt_sdk_win_64/imt_sdk_win_64/winavr/bin/../lib/gcc/avr/4.3.3/avr5\libgcc.a(_exit.o)
 .bss           0x00800060        0x0 d:/imt_diploma/eclipse/imt_sdk_win_64/imt_sdk_win_64/winavr/bin/../lib/gcc/avr/4.3.3/avr5\libgcc.a(_clear_bss.o)
 *(.bss*)
 .bss.Timer1_OVF_Fptr
                0x00800060        0x2 ./Timers_interface.o
 .bss.Timer1_OCA_Fptr
                0x00800062        0x2 ./Timers_interface.o
 .bss.Timer1_OCB_Fptr
                0x00800064        0x2 ./Timers_interface.o
 .bss.Timer1_ICU_Fptr
                0x00800066        0x2 ./Timers_interface.o
 .bss.Timer0_OVF_Fptr
                0x00800068        0x2 ./Timers_interface.o
 .bss.Timer0_OC0_Fptr
                0x0080006a        0x2 ./Timers_interface.o
 *(COMMON)
                0x0080006c                PROVIDE (__bss_end, .)
                0x00000a5a                __data_load_start = LOADADDR (.data)
                0x00000a5a                __data_load_end = (__data_load_start + SIZEOF (.data))

.noinit         0x0080006c        0x0
                0x0080006c                PROVIDE (__noinit_start, .)
 *(.noinit*)
                0x0080006c                PROVIDE (__noinit_end, .)
                0x0080006c                _end = .
                0x0080006c                PROVIDE (__heap_start, .)

.eeprom         0x00810000        0x0
 *(.eeprom*)
                0x00810000                __eeprom_end = .

.fuse
 *(.fuse)
 *(.lfuse)
 *(.hfuse)
 *(.efuse)

.lock
 *(.lock*)

.signature
 *(.signature*)

.stab           0x00000000      0xcb4
 *(.stab)
 .stab          0x00000000      0xbac ./Timers_interface.o
 .stab          0x00000bac      0x108 ./main.o
                                0x24c (size before relaxing)

.stabstr        0x00000000      0xbc3
 *(.stabstr)
 .stabstr       0x00000000      0xbc3 ./Timers_interface.o

.stab.excl
 *(.stab.excl)

.stab.exclstr
 *(.stab.exclstr)

.stab.index
 *(.stab.index)

.stab.indexstr
 *(.stab.indexstr)

.comment
 *(.comment)

.debug
 *(.debug)

.line
 *(.line)

.debug_srcinfo
 *(.debug_srcinfo)

.debug_sfnames
 *(.debug_sfnames)

.debug_aranges
 *(.debug_aranges)

.debug_pubnames
 *(.debug_pubnames)

.debug_info
 *(.debug_info)
 *(.gnu.linkonce.wi.*)

.debug_abbrev
 *(.debug_abbrev)

.debug_line
 *(.debug_line)

.debug_frame
 *(.debug_frame)

.debug_str
 *(.debug_str)

.debug_loc
 *(.debug_loc)

.debug_macinfo
 *(.debug_macinfo)
OUTPUT(ATMega32_Timers_Driver.elf elf32-avr)
LOAD linker stubs
