STM32F103C6_EXTI_Driver.c:21:6:NVIC_ENABLE	16	static
STM32F103C6_EXTI_Driver.c:51:6:NVIC_DISABLE	16	static
STM32F103C6_EXTI_Driver.c:82:6:Update_EXTI	24	static
STM32F103C6_EXTI_Driver.c:151:6:MCAL_EXTI_GPIO_Init	16	static
STM32F103C6_EXTI_Driver.c:162:6:MCAL_EXTI_GPIO_DeInit	4	static
STM32F103C6_EXTI_Driver.c:191:6:MCAL_EXTI_GPIO_Update	16	static
STM32F103C6_EXTI_Driver.c:199:6:EXTI0_IRQHandler	8	static
STM32F103C6_EXTI_Driver.c:208:6:EXTI1_IRQHandler	8	static
STM32F103C6_EXTI_Driver.c:214:6:EXTI2_IRQHandler	8	static
STM32F103C6_EXTI_Driver.c:220:6:EXTI3_IRQHandler	8	static
STM32F103C6_EXTI_Driver.c:226:6:EXTI4_IRQHandler	8	static
STM32F103C6_EXTI_Driver.c:232:6:EXTI9_5_IRQHandler	8	static
STM32F103C6_EXTI_Driver.c:242:6:EXTI15_10_IRQHandler	8	static
