
Memory Configuration

Name             Origin             Length             Attributes
FLASH            0x00000000         0x20000000         xr
SRAM             0x20000000         0x20000000         xrw
*default*        0x00000000         0xffffffff

Linker script and memory map


.text           0x00000000      0x134
 *(.vectors*)
 .vectors       0x00000000       0x10 startup.o
                0x00000000                g_PTR_FUN_Vectors
 *(.text*)
 .text          0x00000010       0x98 startup.o
                0x00000010                H_Fault_HANDLER
                0x00000010                Default_Handler
                0x00000010                NMI_HANDLER
                0x0000001c                RESET_HANDLER
 .text          0x000000a8       0x8c main.o
                0x000000a8                main
 *(.rodata)
                0x00000134                _E_TEXT = .

.glue_7         0x00000134        0x0
 .glue_7        0x00000134        0x0 linker stubs

.glue_7t        0x00000134        0x0
 .glue_7t       0x00000134        0x0 linker stubs

.vfp11_veneer   0x00000134        0x0
 .vfp11_veneer  0x00000134        0x0 linker stubs

.v4_bx          0x00000134        0x0
 .v4_bx         0x00000134        0x0 linker stubs

.iplt           0x00000134        0x0
 .iplt          0x00000134        0x0 startup.o

.rel.dyn        0x00000134        0x0
 .rel.iplt      0x00000134        0x0 startup.o

.data           0x20000000        0x0 load address 0x00000134
                0x20000000                _S_DATA = .
 *(.data)
 .data          0x20000000        0x0 startup.o
 .data          0x20000000        0x0 main.o
                0x20000000                . = ALIGN (0x4)
                0x20000000                _E_DATA = .

.igot.plt       0x20000000        0x0 load address 0x00000134
 .igot.plt      0x20000000        0x0 startup.o

.bss            0x20000000      0x400 load address 0x00000134
                0x20000000                _S_BSS = .
 *(.bss*)
 .bss           0x20000000      0x400 startup.o
 .bss           0x20000400        0x0 main.o
                0x20000400                _E_BSS = .
LOAD startup.o
LOAD main.o
OUTPUT(TIVAC_LED_TOGGLE.elf elf32-littlearm)

.debug_info     0x00000000      0x1a6
 .debug_info    0x00000000      0x14b startup.o
 .debug_info    0x0000014b       0x5b main.o

.debug_abbrev   0x00000000      0x107
 .debug_abbrev  0x00000000       0xb8 startup.o
 .debug_abbrev  0x000000b8       0x4f main.o

.debug_loc      0x00000000       0xb4
 .debug_loc     0x00000000       0x7c startup.o
 .debug_loc     0x0000007c       0x38 main.o

.debug_aranges  0x00000000       0x40
 .debug_aranges
                0x00000000       0x20 startup.o
 .debug_aranges
                0x00000020       0x20 main.o

.debug_line     0x00000000       0xd7
 .debug_line    0x00000000       0x76 startup.o
 .debug_line    0x00000076       0x61 main.o

.debug_str      0x00000000      0x17c
 .debug_str     0x00000000      0x164 startup.o
                                0x171 (size before relaxing)
 .debug_str     0x00000164       0x18 main.o
                                 0xe0 (size before relaxing)

.comment        0x00000000       0x7e
 .comment       0x00000000       0x7e startup.o
                                 0x7f (size before relaxing)
 .comment       0x0000007e       0x7f main.o

.ARM.attributes
                0x00000000       0x33
 .ARM.attributes
                0x00000000       0x33 startup.o
 .ARM.attributes
                0x00000033       0x33 main.o

.debug_frame    0x00000000       0x7c
 .debug_frame   0x00000000       0x50 startup.o
 .debug_frame   0x00000050       0x2c main.o
